Zone Vnum List
**************

0       - Limbo - Internal              54      - New Thalos
9       - The River Island              55      - New Thalos (Cont)
12      - God Simplex                   56      - New Thalos (Cont)
15      - The Straight Path             60      - Haon-Dor-Light Forest
25      - High Tower Of Sorcery         61      - Haon-Dor-Dark Forest
26      - High Tower Of Sorcery (Cont)  62      - Orc Enclave
30      - Midgaard City                 63      - Arachnos
31      - Midgaard City                 64      - Rand's Tower
32      - Midgaard River                65      - Dwarven Kingdom
33      - Three Of Swords               70      - Sewers
35      - Miden'nir                     71      - Sewers
36      - Chessboard                    72      - Sewers
40      - Moria                         73      - Sewers
41      - Moria (Cont)                  79      - Redferne's Residence
50      - Great Eastern Desert          120     - Rome
51      - Drow City                     150     - King Welmar's Castle
52      - Old Thalos                    186     - Newbie Zone
53      - Great Pyramid                 

